// Jest Snapshot v1, https://goo.gl/fbAQLP

exports[`LLMReranker output snapshot 1`] = `
[
  {
    "metadata": {
      "source": "test-b.md",
    },
    "pageContent": "Document B",
  },
  {
    "metadata": {
      "source": "test-a.md",
    },
    "pageContent": "Document A",
  },
  {
    "metadata": {
      "source": "test-c.md",
    },
    "pageContent": "Document C",
  },
]
`;
